// Jest Snapshot v1, https://goo.gl/fbAQLP

exports[`Row should render row 1`] = `
<div
  className="jsx-2953685289"
  style={
    Object {
      "margin": "auto",
    }
  }
>
  children
</div>
`;
